Sat Apr 18 14:31:10 EDT 2026
Slurm nodes: evc33
You were assigned 1 gpu(s)

Currently Loaded Modules:
  1) cuda/cuda-12.1.0

 

No devices were found
Running quant sensitivity for model=falcon-7b
  method=rtn  bits=4 3  n_tokens=16384
  mp=--mp  group_size=128
  hsens=--compute_hessian_sens  eval_datasets=wikitext2 c4
  n_calib=2048  downstream_tasks=

################################################################################
Model: falcon-7b  (tiiuae/falcon-7b)
  method=rtn  group_size=128  hessian_sens=True  eval_datasets=['wikitext2', 'c4']  cpu_offload=True
  n_tokens=16384  n_calib_tokens=2048  calib_source=c4
################################################################################
/home/kdewage/anaconda3/envs/lora/lib/python3.10/site-packages/torch/cuda/__init__.py:128: UserWarning: CUDA initialization: CUDA unknown error - this may be due to an incorrectly set up environment, e.g. changing env variable CUDA_VISIBLE_DEVICES after program start. Setting the available devices to be zero. (Triggered internally at ../c10/cuda/CUDAFunctions.cpp:108.)
  return torch._C._cuda_getDeviceCount() > 0
/home/kdewage/anaconda3/envs/lora/lib/python3.10/site-packages/transformers/tokenization_utils_base.py:1601: FutureWarning: `clean_up_tokenization_spaces` was not set. It will be set to `True` by default. This behavior will be depracted in transformers v4.45, and will be then set to `False` by default. For more details check this issue: https://github.com/huggingface/transformers/issues/31884
  warnings.warn(

WARNING: You are currently loading Falcon using legacy code contained in the model repository. Falcon has now been fully ported into the Hugging Face transformers library. For the most up-to-date and high-performance version of the Falcon model code, please update to the latest version of transformers and then load the model without the trust_remote_code=True argument.

Loading checkpoint shards:   0%|          | 0/2 [00:00<?, ?it/s]Loading checkpoint shards:   0%|          | 0/2 [00:00<?, ?it/s]
FAILED falcon-7b: CUDA unknown error - this may be due to an incorrectly set up environment, e.g. changing env variable CUDA_VISIBLE_DEVICES after program start. Setting the available devices to be zero.
Traceback (most recent call last):
  File "/lustre/fs1/home/ka899837/Tensors/MPLORA/MP_LORA_PAPER2/MPLOra_Reconstruction_paper3/src/quant_sensitivity_experiment.py", line 1236, in main
    result_data = run_model(
  File "/lustre/fs1/home/ka899837/Tensors/MPLORA/MP_LORA_PAPER2/MPLOra_Reconstruction_paper3/src/quant_sensitivity_experiment.py", line 1006, in run_model
    model = AutoModelForCausalLM.from_pretrained(
  File "/home/kdewage/anaconda3/envs/lora/lib/python3.10/site-packages/transformers/models/auto/auto_factory.py", line 559, in from_pretrained
    return model_class.from_pretrained(
  File "/home/kdewage/anaconda3/envs/lora/lib/python3.10/site-packages/transformers/modeling_utils.py", line 3960, in from_pretrained
    ) = cls._load_pretrained_model(
  File "/home/kdewage/anaconda3/envs/lora/lib/python3.10/site-packages/transformers/modeling_utils.py", line 4434, in _load_pretrained_model
    new_error_msgs, offload_index, state_dict_index = _load_state_dict_into_meta_model(
  File "/home/kdewage/anaconda3/envs/lora/lib/python3.10/site-packages/transformers/modeling_utils.py", line 961, in _load_state_dict_into_meta_model
    set_module_tensor_to_device(model, param_name, param_device, **set_module_kwargs)
  File "/home/kdewage/anaconda3/envs/lora/lib/python3.10/site-packages/accelerate/utils/modeling.py", line 343, in set_module_tensor_to_device
    new_value = value.to(device, non_blocking=non_blocking)
  File "/home/kdewage/anaconda3/envs/lora/lib/python3.10/site-packages/torch/cuda/__init__.py", line 314, in _lazy_init
    torch._C._cuda_init()
RuntimeError: CUDA unknown error - this may be due to an incorrectly set up environment, e.g. changing env variable CUDA_VISIBLE_DEVICES after program start. Setting the available devices to be zero.
All results saved: ./output/quant_sensitivity/all_quant_sensitivity_rtn_g128.json

real	0m3.886s
user	0m3.590s
sys	0m0.520s
COMPLETED falcon-7b (method=rtn) at Sat Apr 18 14:31:14 EDT 2026
